mode: atomic
github.com/namth/go-notify/examples/01_simple_webhook/main.go:14.13,21.16 3 0
github.com/namth/go-notify/examples/01_simple_webhook/main.go:21.16,39.3 3 0
github.com/namth/go-notify/examples/01_simple_webhook/main.go:42.2,46.16 2 0
github.com/namth/go-notify/examples/01_simple_webhook/main.go:46.16,50.3 3 0
github.com/namth/go-notify/examples/03_switch_provider/main.go:14.13,33.16 4 0
github.com/namth/go-notify/examples/03_switch_provider/main.go:33.16,36.3 2 0
github.com/namth/go-notify/examples/03_switch_provider/main.go:39.2,54.48 3 0
github.com/namth/go-notify/examples/02_template_registry/main.go:22.13,39.82 2 0
github.com/namth/go-notify/examples/02_template_registry/main.go:39.82,42.21 3 0
github.com/namth/go-notify/examples/02_template_registry/main.go:42.21,45.4 2 0
github.com/namth/go-notify/examples/02_template_registry/main.go:47.3,55.5 1 0
github.com/namth/go-notify/examples/02_template_registry/main.go:59.13,64.16 3 0
github.com/namth/go-notify/examples/02_template_registry/main.go:64.16,67.3 2 0
github.com/namth/go-notify/examples/02_template_registry/main.go:70.2,85.4 2 0
github.com/namth/go-notify/provider/gchat/client.go:26.43,32.27 2 3
github.com/namth/go-notify/provider/gchat/client.go:32.27,34.3 1 3
github.com/namth/go-notify/provider/gchat/client.go:36.2,36.24 1 3
github.com/namth/go-notify/provider/gchat/client.go:36.24,38.3 1 1
github.com/namth/go-notify/provider/gchat/client.go:40.2,40.25 1 2
github.com/namth/go-notify/provider/gchat/client.go:40.25,44.3 1 2
github.com/namth/go-notify/provider/gchat/client.go:46.2,46.15 1 2
github.com/namth/go-notify/provider/gchat/client.go:50.40,52.2 1 1
github.com/namth/go-notify/provider/gchat/client.go:55.90,57.16 2 3
github.com/namth/go-notify/provider/gchat/client.go:57.16,59.3 1 0
github.com/namth/go-notify/provider/gchat/client.go:61.2,61.34 1 3
github.com/namth/go-notify/provider/gchat/client.go:65.85,67.2 1 1
github.com/namth/go-notify/provider/gchat/client.go:69.82,73.16 3 3
github.com/namth/go-notify/provider/gchat/client.go:73.16,75.3 1 0
github.com/namth/go-notify/provider/gchat/client.go:76.2,81.16 4 3
github.com/namth/go-notify/provider/gchat/client.go:81.16,86.3 1 0
github.com/namth/go-notify/provider/gchat/client.go:87.2,98.53 4 3
github.com/namth/go-notify/provider/gchat/client.go:98.53,100.3 1 1
github.com/namth/go-notify/provider/gchat/client.go:102.2,102.17 1 2
github.com/namth/go-notify/provider/gchat/options.go:12.40,13.25 1 2
github.com/namth/go-notify/provider/gchat/options.go:13.25,15.3 1 2
github.com/namth/go-notify/provider/gchat/options.go:19.49,20.25 1 0
github.com/namth/go-notify/provider/gchat/options.go:20.25,22.3 1 0
github.com/namth/go-notify/provider/gchat/options.go:26.48,27.25 1 1
github.com/namth/go-notify/provider/gchat/options.go:27.25,29.3 1 1
github.com/namth/go-notify/provider/gchat/transformer.go:14.36,16.2 1 4
github.com/namth/go-notify/provider/gchat/transformer.go:19.70,20.16 1 6
github.com/namth/go-notify/provider/gchat/transformer.go:20.16,22.3 1 0
github.com/namth/go-notify/provider/gchat/transformer.go:24.2,24.20 1 6
github.com/namth/go-notify/provider/gchat/transformer.go:25.24,27.10 2 3
github.com/namth/go-notify/provider/gchat/transformer.go:27.10,29.4 1 0
github.com/namth/go-notify/provider/gchat/transformer.go:30.3,30.51 1 3
github.com/namth/go-notify/provider/gchat/transformer.go:32.24,34.10 2 1
github.com/namth/go-notify/provider/gchat/transformer.go:34.10,36.4 1 0
github.com/namth/go-notify/provider/gchat/transformer.go:37.3,38.31 2 1
github.com/namth/go-notify/provider/gchat/transformer.go:40.23,42.10 2 2
github.com/namth/go-notify/provider/gchat/transformer.go:42.10,44.4 1 0
github.com/namth/go-notify/provider/gchat/transformer.go:45.3,45.44 1 2
github.com/namth/go-notify/provider/gchat/transformer.go:45.44,47.4 1 0
github.com/namth/go-notify/provider/gchat/transformer.go:48.3,48.35 1 2
github.com/namth/go-notify/provider/gchat/transformer.go:50.10,51.68 1 0
github.com/namth/go-notify/provider/gchat/transformer.go:56.66,57.17 1 1
github.com/namth/go-notify/provider/gchat/transformer.go:57.17,59.3 1 0
github.com/namth/go-notify/provider/gchat/transformer.go:61.2,62.63 2 1
github.com/namth/go-notify/provider/gchat/transformer.go:62.63,64.3 1 1
github.com/namth/go-notify/provider/gchat/transformer.go:66.2,74.36 2 1
github.com/namth/go-notify/provider/gchat/transformer.go:74.36,80.21 2 1
github.com/namth/go-notify/provider/gchat/transformer.go:80.21,84.4 1 1
github.com/namth/go-notify/provider/gchat/transformer.go:86.3,86.36 1 1
github.com/namth/go-notify/provider/gchat/transformer.go:86.36,94.4 1 1
github.com/namth/go-notify/provider/gchat/transformer.go:96.3,96.46 1 1
github.com/namth/go-notify/provider/gchat/transformer.go:96.46,103.4 1 1
github.com/namth/go-notify/provider/gchat/transformer.go:105.3,105.27 1 1
github.com/namth/go-notify/provider/gchat/transformer.go:105.27,111.4 1 1
github.com/namth/go-notify/provider/gchat/transformer.go:113.3,113.56 1 1
github.com/namth/go-notify/provider/gchat/transformer.go:117.2,117.27 1 1
github.com/namth/go-notify/provider/gchat/transformer.go:117.27,128.3 2 1
github.com/namth/go-notify/provider/gchat/transformer.go:130.2,137.3 1 1
github.com/namth/go-notify/provider/gchat/transformer.go:140.76,142.28 2 2
github.com/namth/go-notify/provider/gchat/transformer.go:142.28,150.17 2 3
github.com/namth/go-notify/provider/gchat/transformer.go:151.34,152.68 1 1
github.com/namth/go-notify/provider/gchat/transformer.go:153.33,154.70 1 1
github.com/namth/go-notify/provider/gchat/transformer.go:157.3,157.35 1 3
github.com/namth/go-notify/provider/gchat/transformer.go:159.2,159.17 1 2
github.com/namth/go-notify/message/action.go:23.42,29.2 1 4
github.com/namth/go-notify/message/action.go:32.38,35.2 2 1
github.com/namth/go-notify/message/action.go:38.37,41.2 2 1
github.com/namth/go-notify/message/action.go:44.38,47.2 2 1
github.com/namth/go-notify/message/card.go:12.41,19.2 1 2
github.com/namth/go-notify/message/card.go:22.45,25.2 2 1
github.com/namth/go-notify/message/card.go:43.28,48.2 1 1
github.com/namth/go-notify/message/card.go:51.53,54.2 2 1
github.com/namth/go-notify/message/card.go:57.49,60.2 2 1
github.com/namth/go-notify/message/card.go:63.56,66.2 2 1
github.com/namth/go-notify/message/card.go:69.56,72.2 2 1
github.com/namth/go-notify/message/card.go:75.54,78.2 2 1
github.com/namth/go-notify/message/card.go:81.51,84.2 2 1
github.com/namth/go-notify/message/card.go:96.22,102.2 1 1
github.com/namth/go-notify/message/card.go:105.47,108.2 2 1
github.com/namth/go-notify/message/card.go:111.45,114.2 2 1
github.com/namth/go-notify/message/card.go:117.51,120.2 2 1
github.com/namth/go-notify/message/card.go:123.55,126.2 2 1
github.com/namth/go-notify/message/card.go:129.52,132.2 2 1
github.com/namth/go-notify/message/message.go:26.35,28.2 1 1
github.com/namth/go-notify/message/message.go:31.31,33.2 1 1
github.com/namth/go-notify/message/message.go:41.43,43.2 1 1
github.com/namth/go-notify/message/message.go:46.35,48.2 1 1
github.com/namth/go-notify/message/message.go:56.38,58.2 1 1
github.com/namth/go-notify/message/message.go:61.34,63.2 1 1
github.com/namth/go-notify/message/status.go:20.39,21.11 1 5
github.com/namth/go-notify/message/status.go:22.21,23.17 1 1
github.com/namth/go-notify/message/status.go:24.21,25.18 1 1
github.com/namth/go-notify/message/status.go:26.20,27.15 1 1
github.com/namth/go-notify/message/status.go:28.18,29.16 1 1
github.com/namth/go-notify/message/status.go:30.10,31.16 1 1
github.com/namth/go-notify/message/status.go:36.36,37.11 1 5
github.com/namth/go-notify/message/status.go:38.21,39.15 1 1
github.com/namth/go-notify/message/status.go:40.21,41.18 1 1
github.com/namth/go-notify/message/status.go:42.20,43.16 1 1
github.com/namth/go-notify/message/status.go:44.18,45.18 1 1
github.com/namth/go-notify/message/status.go:46.10,47.16 1 1
github.com/namth/go-notify/middleware/logging.go:11.46,12.19 1 1
github.com/namth/go-notify/middleware/logging.go:12.19,14.3 1 0
github.com/namth/go-notify/middleware/logging.go:16.2,16.36 1 1
github.com/namth/go-notify/middleware/logging.go:16.36,17.82 1 2
github.com/namth/go-notify/middleware/logging.go:17.82,19.18 2 2
github.com/namth/go-notify/middleware/logging.go:19.18,21.5 1 2
github.com/namth/go-notify/middleware/logging.go:23.4,29.18 3 2
github.com/namth/go-notify/middleware/logging.go:29.18,31.41 2 1
github.com/namth/go-notify/middleware/logging.go:31.41,33.6 1 1
github.com/namth/go-notify/middleware/logging.go:34.5,39.20 2 1
github.com/namth/go-notify/middleware/logging.go:42.4,48.19 2 1
github.com/namth/go-notify/middleware/middleware.go:17.50,18.37 1 1
github.com/namth/go-notify/middleware/middleware.go:18.37,19.46 1 1
github.com/namth/go-notify/middleware/middleware.go:19.46,20.29 1 2
github.com/namth/go-notify/middleware/middleware.go:20.29,22.5 1 2
github.com/namth/go-notify/middleware/middleware.go:24.3,24.15 1 1
github.com/namth/go-notify/middleware/ratelimit.go:24.58,25.14 1 1
github.com/namth/go-notify/middleware/ratelimit.go:25.14,27.3 1 0
github.com/namth/go-notify/middleware/ratelimit.go:28.2,28.16 1 1
github.com/namth/go-notify/middleware/ratelimit.go:28.16,30.3 1 0
github.com/namth/go-notify/middleware/ratelimit.go:31.2,36.3 1 1
github.com/namth/go-notify/middleware/ratelimit.go:40.55,41.6 1 3
github.com/namth/go-notify/middleware/ratelimit.go:41.6,48.22 6 4
github.com/namth/go-notify/middleware/ratelimit.go:48.22,52.4 3 3
github.com/namth/go-notify/middleware/ratelimit.go:55.3,59.10 4 1
github.com/namth/go-notify/middleware/ratelimit.go:60.21,61.20 1 0
github.com/namth/go-notify/middleware/ratelimit.go:62.31,62.31 0 1
github.com/namth/go-notify/middleware/ratelimit.go:68.49,69.20 1 1
github.com/namth/go-notify/middleware/ratelimit.go:69.20,70.37 1 0
github.com/namth/go-notify/middleware/ratelimit.go:70.37,70.52 1 0
github.com/namth/go-notify/middleware/ratelimit.go:73.2,73.36 1 1
github.com/namth/go-notify/middleware/ratelimit.go:73.36,74.82 1 1
github.com/namth/go-notify/middleware/ratelimit.go:74.82,75.44 1 3
github.com/namth/go-notify/middleware/ratelimit.go:75.44,77.5 1 0
github.com/namth/go-notify/middleware/ratelimit.go:78.4,78.25 1 3
github.com/namth/go-notify/middleware/ratelimit.go:83.32,84.11 1 4
github.com/namth/go-notify/middleware/ratelimit.go:84.11,86.3 1 1
github.com/namth/go-notify/middleware/ratelimit.go:87.2,87.10 1 3
github.com/namth/go-notify/middleware/retry.go:25.55,26.30 1 2
github.com/namth/go-notify/middleware/retry.go:26.30,28.3 1 2
github.com/namth/go-notify/middleware/retry.go:32.51,33.30 1 1
github.com/namth/go-notify/middleware/retry.go:33.30,35.3 1 1
github.com/namth/go-notify/middleware/retry.go:39.83,40.30 1 0
github.com/namth/go-notify/middleware/retry.go:40.30,42.3 1 0
github.com/namth/go-notify/middleware/retry.go:46.60,47.16 1 3
github.com/namth/go-notify/middleware/retry.go:47.16,48.17 1 3
github.com/namth/go-notify/middleware/retry.go:48.17,50.4 1 0
github.com/namth/go-notify/middleware/retry.go:51.3,51.103 1 3
github.com/namth/go-notify/middleware/retry.go:51.103,53.4 1 3
github.com/namth/go-notify/middleware/retry.go:55.2,55.14 1 0
github.com/namth/go-notify/middleware/retry.go:59.61,68.27 2 2
github.com/namth/go-notify/middleware/retry.go:68.27,70.3 1 3
github.com/namth/go-notify/middleware/retry.go:72.2,72.26 1 2
github.com/namth/go-notify/middleware/retry.go:72.26,74.3 1 0
github.com/namth/go-notify/middleware/retry.go:76.2,76.36 1 2
github.com/namth/go-notify/middleware/retry.go:76.36,77.82 1 2
github.com/namth/go-notify/middleware/retry.go:77.82,83.60 4 2
github.com/namth/go-notify/middleware/retry.go:83.60,85.23 2 4
github.com/namth/go-notify/middleware/retry.go:85.23,87.6 1 1
github.com/namth/go-notify/middleware/retry.go:89.5,89.73 1 3
github.com/namth/go-notify/middleware/retry.go:89.73,91.6 1 0
github.com/namth/go-notify/middleware/retry.go:94.5,97.12 3 3
github.com/namth/go-notify/middleware/retry.go:98.23,99.31 1 1
github.com/namth/go-notify/middleware/retry.go:100.33,100.33 0 2
github.com/namth/go-notify/middleware/retry.go:104.4,104.27 1 0
github.com/namth/go-notify/middleware/retry.go:109.62,110.16 1 3
github.com/namth/go-notify/middleware/retry.go:110.16,112.3 1 0
github.com/namth/go-notify/middleware/retry.go:113.2,113.15 1 3
github.com/namth/go-notify/middleware/retry.go:113.15,115.3 1 0
github.com/namth/go-notify/middleware/retry.go:117.2,119.22 3 3
github.com/namth/go-notify/notifier.go:45.53,52.27 2 9
github.com/namth/go-notify/notifier.go:52.27,54.3 1 8
github.com/namth/go-notify/notifier.go:56.2,57.19 2 9
github.com/namth/go-notify/notifier.go:57.19,59.3 1 8
github.com/namth/go-notify/notifier.go:59.8,60.89 1 1
github.com/namth/go-notify/notifier.go:60.89,62.4 1 0
github.com/namth/go-notify/notifier.go:66.2,67.10 2 9
github.com/namth/go-notify/notifier.go:71.42,72.19 1 7
github.com/namth/go-notify/notifier.go:72.19,74.3 1 1
github.com/namth/go-notify/notifier.go:75.2,75.30 1 6
github.com/namth/go-notify/notifier.go:79.92,80.23 1 4
github.com/namth/go-notify/notifier.go:80.23,82.3 1 0
github.com/namth/go-notify/notifier.go:83.2,83.29 1 4
github.com/namth/go-notify/notifier.go:87.87,89.2 1 1
github.com/namth/go-notify/notifier.go:92.110,93.23 1 3
github.com/namth/go-notify/notifier.go:93.23,95.3 1 0
github.com/namth/go-notify/notifier.go:96.2,97.16 2 3
github.com/namth/go-notify/notifier.go:97.16,99.3 1 1
github.com/namth/go-notify/notifier.go:100.2,100.25 1 2
github.com/namth/go-notify/notifier.go:104.67,106.16 2 9
github.com/namth/go-notify/notifier.go:106.16,108.3 1 4
github.com/namth/go-notify/notifier.go:110.2,113.23 2 5
github.com/namth/go-notify/notifier.go:113.23,116.3 2 2
github.com/namth/go-notify/notifier.go:119.2,119.21 1 5
github.com/namth/go-notify/notifier.go:119.21,121.3 1 2
github.com/namth/go-notify/notifier.go:123.2,124.35 2 5
github.com/namth/go-notify/notifier.go:134.52,136.20 2 1
github.com/namth/go-notify/notifier.go:136.20,138.3 1 0
github.com/namth/go-notify/notifier.go:140.2,152.36 4 1
github.com/namth/go-notify/notifier.go:155.54,157.23 2 13
github.com/namth/go-notify/notifier.go:157.23,160.17 3 7
github.com/namth/go-notify/notifier.go:160.17,162.4 1 1
github.com/namth/go-notify/notifier.go:165.2,165.22 1 12
github.com/namth/go-notify/notifier.go:166.21,168.18 2 3
github.com/namth/go-notify/notifier.go:168.18,170.4 1 3
github.com/namth/go-notify/notifier.go:171.3,171.28 1 3
github.com/namth/go-notify/notifier.go:173.20,178.18 2 4
github.com/namth/go-notify/notifier.go:178.18,180.4 1 3
github.com/namth/go-notify/notifier.go:181.3,181.27 1 4
github.com/namth/go-notify/notifier.go:183.25,184.29 1 2
github.com/namth/go-notify/notifier.go:184.29,186.4 1 1
github.com/namth/go-notify/notifier.go:187.3,188.38 2 1
github.com/namth/go-notify/notifier.go:188.38,190.18 2 2
github.com/namth/go-notify/notifier.go:190.18,192.5 1 0
github.com/namth/go-notify/notifier.go:193.4,193.32 1 2
github.com/namth/go-notify/notifier.go:195.3,195.41 1 1
github.com/namth/go-notify/notifier.go:197.24,198.28 1 2
github.com/namth/go-notify/notifier.go:198.28,200.4 1 1
github.com/namth/go-notify/notifier.go:201.3,202.17 2 1
github.com/namth/go-notify/notifier.go:202.17,204.4 1 0
github.com/namth/go-notify/notifier.go:205.3,206.42 2 1
github.com/namth/go-notify/notifier.go:206.42,208.18 2 1
github.com/namth/go-notify/notifier.go:208.18,210.5 1 0
github.com/namth/go-notify/notifier.go:211.4,211.36 1 1
github.com/namth/go-notify/notifier.go:213.3,213.51 1 1
github.com/namth/go-notify/notifier.go:215.10,217.83 1 1
github.com/namth/go-notify/notifier.go:222.65,224.2 1 1
github.com/namth/go-notify/notifier.go:227.76,229.2 1 1
github.com/namth/go-notify/options.go:14.58,15.27 1 6
github.com/namth/go-notify/options.go:15.27,17.3 1 6
github.com/namth/go-notify/options.go:21.50,22.27 1 1
github.com/namth/go-notify/options.go:22.27,24.3 1 1
github.com/namth/go-notify/options.go:28.49,29.27 1 1
github.com/namth/go-notify/options.go:29.27,31.3 1 1
github.com/namth/go-notify/provider/lark/client.go:29.43,35.27 2 4
github.com/namth/go-notify/provider/lark/client.go:35.27,37.3 1 5
github.com/namth/go-notify/provider/lark/client.go:39.2,39.24 1 4
github.com/namth/go-notify/provider/lark/client.go:39.24,41.3 1 1
github.com/namth/go-notify/provider/lark/client.go:43.2,43.25 1 3
github.com/namth/go-notify/provider/lark/client.go:43.25,47.3 1 3
github.com/namth/go-notify/provider/lark/client.go:49.2,50.15 2 3
github.com/namth/go-notify/provider/lark/client.go:54.40,56.2 1 1
github.com/namth/go-notify/provider/lark/client.go:59.90,61.16 2 4
github.com/namth/go-notify/provider/lark/client.go:61.16,63.3 1 0
github.com/namth/go-notify/provider/lark/client.go:66.2,66.20 1 4
github.com/namth/go-notify/provider/lark/client.go:66.20,68.17 2 2
github.com/namth/go-notify/provider/lark/client.go:68.17,70.4 1 0
github.com/namth/go-notify/provider/lark/client.go:71.3,72.22 2 2
github.com/namth/go-notify/provider/lark/client.go:75.2,76.16 2 4
github.com/namth/go-notify/provider/lark/client.go:76.16,78.3 1 0
github.com/namth/go-notify/provider/lark/client.go:80.2,80.34 1 4
github.com/namth/go-notify/provider/lark/client.go:84.85,86.2 1 1
github.com/namth/go-notify/provider/lark/client.go:94.82,98.16 3 4
github.com/namth/go-notify/provider/lark/client.go:98.16,100.3 1 0
github.com/namth/go-notify/provider/lark/client.go:101.2,106.16 4 4
github.com/namth/go-notify/provider/lark/client.go:106.16,111.3 1 0
github.com/namth/go-notify/provider/lark/client.go:112.2,123.53 4 4
github.com/namth/go-notify/provider/lark/client.go:123.53,125.3 1 1
github.com/namth/go-notify/provider/lark/client.go:128.2,129.72 2 3
github.com/namth/go-notify/provider/lark/client.go:129.72,131.19 2 1
github.com/namth/go-notify/provider/lark/client.go:131.19,133.4 1 0
github.com/namth/go-notify/provider/lark/client.go:134.3,134.83 1 1
github.com/namth/go-notify/provider/lark/client.go:137.2,137.17 1 2
github.com/namth/go-notify/provider/lark/options.go:12.40,13.25 1 3
github.com/namth/go-notify/provider/lark/options.go:13.25,15.3 1 3
github.com/namth/go-notify/provider/lark/options.go:19.39,20.25 1 1
github.com/namth/go-notify/provider/lark/options.go:20.25,22.3 1 1
github.com/namth/go-notify/provider/lark/options.go:26.49,27.25 1 0
github.com/namth/go-notify/provider/lark/options.go:27.25,29.3 1 0
github.com/namth/go-notify/provider/lark/options.go:33.48,34.25 1 1
github.com/namth/go-notify/provider/lark/options.go:34.25,36.3 1 1
github.com/namth/go-notify/provider/lark/signer.go:18.39,20.2 1 5
github.com/namth/go-notify/provider/lark/signer.go:23.92,24.20 1 4
github.com/namth/go-notify/provider/lark/signer.go:24.20,26.3 1 1
github.com/namth/go-notify/provider/lark/signer.go:28.2,33.16 5 3
github.com/namth/go-notify/provider/lark/signer.go:33.16,35.3 1 0
github.com/namth/go-notify/provider/lark/signer.go:37.2,38.27 2 3
github.com/namth/go-notify/provider/lark/transformer.go:15.36,17.2 1 5
github.com/namth/go-notify/provider/lark/transformer.go:20.72,21.16 1 7
github.com/namth/go-notify/provider/lark/transformer.go:21.16,23.3 1 0
github.com/namth/go-notify/provider/lark/transformer.go:25.2,25.20 1 7
github.com/namth/go-notify/provider/lark/transformer.go:26.24,28.10 2 4
github.com/namth/go-notify/provider/lark/transformer.go:28.10,30.4 1 0
github.com/namth/go-notify/provider/lark/transformer.go:31.3,34.9 1 4
github.com/namth/go-notify/provider/lark/transformer.go:36.24,38.10 2 1
github.com/namth/go-notify/provider/lark/transformer.go:38.10,40.4 1 0
github.com/namth/go-notify/provider/lark/transformer.go:41.3,45.9 2 1
github.com/namth/go-notify/provider/lark/transformer.go:47.23,49.10 2 2
github.com/namth/go-notify/provider/lark/transformer.go:49.10,51.4 1 0
github.com/namth/go-notify/provider/lark/transformer.go:52.3,52.42 1 2
github.com/namth/go-notify/provider/lark/transformer.go:52.42,54.4 1 0
github.com/namth/go-notify/provider/lark/transformer.go:56.3,57.17 2 2
github.com/namth/go-notify/provider/lark/transformer.go:57.17,59.4 1 0
github.com/namth/go-notify/provider/lark/transformer.go:60.3,61.70 2 2
github.com/namth/go-notify/provider/lark/transformer.go:61.70,63.4 1 2
github.com/namth/go-notify/provider/lark/transformer.go:65.3,78.9 1 0
github.com/namth/go-notify/provider/lark/transformer.go:80.10,81.68 1 0
github.com/namth/go-notify/provider/lark/transformer.go:86.63,87.17 1 1
github.com/namth/go-notify/provider/lark/transformer.go:87.17,89.3 1 0
github.com/namth/go-notify/provider/lark/transformer.go:91.2,93.63 3 1
github.com/namth/go-notify/provider/lark/transformer.go:93.63,95.3 1 1
github.com/namth/go-notify/provider/lark/transformer.go:97.2,105.25 2 1
github.com/namth/go-notify/provider/lark/transformer.go:105.25,110.3 1 1
github.com/namth/go-notify/provider/lark/transformer.go:112.2,116.36 2 1
github.com/namth/go-notify/provider/lark/transformer.go:116.36,117.23 1 1
github.com/namth/go-notify/provider/lark/transformer.go:117.23,122.4 1 1
github.com/namth/go-notify/provider/lark/transformer.go:124.3,124.21 1 1
github.com/namth/go-notify/provider/lark/transformer.go:124.21,129.4 1 1
github.com/namth/go-notify/provider/lark/transformer.go:131.3,131.26 1 1
github.com/namth/go-notify/provider/lark/transformer.go:131.26,133.4 1 1
github.com/namth/go-notify/provider/lark/transformer.go:135.3,135.27 1 1
github.com/namth/go-notify/provider/lark/transformer.go:135.27,140.4 1 1
github.com/namth/go-notify/provider/lark/transformer.go:144.2,144.27 1 1
github.com/namth/go-notify/provider/lark/transformer.go:144.27,149.3 1 1
github.com/namth/go-notify/provider/lark/transformer.go:151.2,155.3 1 1
github.com/namth/go-notify/provider/lark/transformer.go:158.74,163.27 3 1
github.com/namth/go-notify/provider/lark/transformer.go:163.27,164.16 1 3
github.com/namth/go-notify/provider/lark/transformer.go:164.16,166.28 2 2
github.com/namth/go-notify/provider/lark/transformer.go:166.28,169.5 2 1
github.com/namth/go-notify/provider/lark/transformer.go:170.9,171.27 1 1
github.com/namth/go-notify/provider/lark/transformer.go:171.27,174.5 2 0
github.com/namth/go-notify/provider/lark/transformer.go:175.4,178.6 1 1
github.com/namth/go-notify/provider/lark/transformer.go:181.2,181.25 1 1
github.com/namth/go-notify/provider/lark/transformer.go:181.25,183.3 1 0
github.com/namth/go-notify/provider/lark/transformer.go:185.2,185.17 1 1
github.com/namth/go-notify/provider/lark/transformer.go:188.72,190.27 2 1
github.com/namth/go-notify/provider/lark/transformer.go:190.27,202.3 1 2
github.com/namth/go-notify/provider/lark/transformer.go:203.2,208.3 1 1
github.com/namth/go-notify/provider/lark/transformer.go:211.51,213.17 2 3
github.com/namth/go-notify/provider/lark/transformer.go:213.17,217.3 3 3
github.com/namth/go-notify/provider/lark/transformer.go:217.8,220.3 2 0
github.com/namth/go-notify/provider/lark/transformer.go:221.2,222.20 2 3
github.com/namth/go-notify/provider/lark/transformer.go:225.80,227.28 2 2
github.com/namth/go-notify/provider/lark/transformer.go:227.28,229.17 2 3
github.com/namth/go-notify/provider/lark/transformer.go:230.34,231.23 1 1
github.com/namth/go-notify/provider/lark/transformer.go:232.33,233.22 1 1
github.com/namth/go-notify/provider/lark/transformer.go:236.3,244.5 1 3
github.com/namth/go-notify/provider/lark/transformer.go:246.2,246.16 1 2
github.com/namth/go-notify/router/broadcast.go:27.68,28.23 1 3
github.com/namth/go-notify/router/broadcast.go:28.23,30.3 1 1
github.com/namth/go-notify/router/broadcast.go:31.2,31.48 1 2
github.com/namth/go-notify/router/broadcast.go:35.49,37.2 1 4
github.com/namth/go-notify/router/broadcast.go:40.99,50.35 5 3
github.com/namth/go-notify/router/broadcast.go:50.35,52.34 2 6
github.com/namth/go-notify/router/broadcast.go:52.34,56.4 3 6
github.com/namth/go-notify/router/broadcast.go:59.2,64.30 4 3
github.com/namth/go-notify/router/broadcast.go:64.30,65.21 1 6
github.com/namth/go-notify/router/broadcast.go:65.21,67.4 1 1
github.com/namth/go-notify/router/broadcast.go:67.9,69.4 1 5
github.com/namth/go-notify/router/broadcast.go:72.2,74.19 2 3
github.com/namth/go-notify/router/broadcast.go:74.19,79.3 1 1
github.com/namth/go-notify/router/broadcast.go:81.2,85.8 1 2
github.com/namth/go-notify/router/broadcast.go:89.94,91.2 1 1
github.com/namth/go-notify/router/fallback.go:20.88,21.20 1 3
github.com/namth/go-notify/router/fallback.go:21.20,23.3 1 1
github.com/namth/go-notify/router/fallback.go:24.2,27.8 1 2
github.com/namth/go-notify/router/fallback.go:31.48,33.2 1 2
github.com/namth/go-notify/router/fallback.go:36.98,40.16 3 2
github.com/namth/go-notify/router/fallback.go:40.16,42.3 1 0
github.com/namth/go-notify/router/fallback.go:44.2,46.33 2 2
github.com/namth/go-notify/router/fallback.go:46.33,48.19 2 2
github.com/namth/go-notify/router/fallback.go:48.19,50.4 1 1
github.com/namth/go-notify/router/fallback.go:51.3,51.89 1 1
github.com/namth/go-notify/router/fallback.go:54.2,57.67 1 1
github.com/namth/go-notify/router/fallback.go:61.93,63.2 1 0
github.com/namth/go-notify/template/declarative.go:21.57,28.2 1 2
github.com/namth/go-notify/template/declarative.go:31.61,34.2 2 1
github.com/namth/go-notify/template/declarative.go:50.58,56.2 1 3
github.com/namth/go-notify/template/declarative.go:59.54,62.2 2 1
github.com/namth/go-notify/template/declarative.go:65.53,68.2 2 1
github.com/namth/go-notify/template/declarative.go:80.44,85.2 1 1
github.com/namth/go-notify/template/declarative.go:88.69,91.2 2 1
github.com/namth/go-notify/template/declarative.go:94.65,97.2 2 1
github.com/namth/go-notify/template/declarative.go:100.72,103.2 2 1
github.com/namth/go-notify/template/declarative.go:106.80,109.2 2 1
github.com/namth/go-notify/template/declarative.go:112.70,115.2 2 1
github.com/namth/go-notify/template/declarative.go:118.75,121.2 2 1
github.com/namth/go-notify/template/declarative.go:133.38,139.2 1 3
github.com/namth/go-notify/template/declarative.go:142.71,145.2 2 1
github.com/namth/go-notify/template/declarative.go:148.61,151.2 2 3
github.com/namth/go-notify/template/declarative.go:154.67,157.2 2 1
github.com/namth/go-notify/template/declarative.go:160.79,163.2 2 1
github.com/namth/go-notify/template/declarative.go:166.76,169.2 2 1
github.com/namth/go-notify/template/declarative.go:172.66,177.16 4 51
github.com/namth/go-notify/template/declarative.go:177.16,179.3 1 0
github.com/namth/go-notify/template/declarative.go:181.2,181.22 1 51
github.com/namth/go-notify/template/declarative.go:181.22,183.17 2 1
github.com/namth/go-notify/template/declarative.go:183.17,185.4 1 0
github.com/namth/go-notify/template/declarative.go:188.2,188.34 1 51
github.com/namth/go-notify/template/declarative.go:188.34,190.24 2 1
github.com/namth/go-notify/template/declarative.go:190.24,192.18 2 1
github.com/namth/go-notify/template/declarative.go:192.18,194.5 1 0
github.com/namth/go-notify/template/declarative.go:196.3,196.22 1 1
github.com/namth/go-notify/template/declarative.go:196.22,198.18 2 1
github.com/namth/go-notify/template/declarative.go:198.18,200.5 1 0
github.com/namth/go-notify/template/declarative.go:202.3,202.36 1 1
github.com/namth/go-notify/template/declarative.go:202.36,204.18 2 2
github.com/namth/go-notify/template/declarative.go:204.18,206.5 1 0
github.com/namth/go-notify/template/declarative.go:207.4,208.18 2 2
github.com/namth/go-notify/template/declarative.go:208.18,210.5 1 0
github.com/namth/go-notify/template/declarative.go:211.4,214.24 4 2
github.com/namth/go-notify/template/declarative.go:216.3,216.24 1 1
github.com/namth/go-notify/template/declarative.go:216.24,218.18 2 1
github.com/namth/go-notify/template/declarative.go:218.18,220.5 1 0
github.com/namth/go-notify/template/declarative.go:221.4,222.18 2 1
github.com/namth/go-notify/template/declarative.go:222.18,224.5 1 0
github.com/namth/go-notify/template/declarative.go:225.4,225.32 1 1
github.com/namth/go-notify/template/declarative.go:227.3,227.37 1 1
github.com/namth/go-notify/template/declarative.go:227.37,229.18 2 1
github.com/namth/go-notify/template/declarative.go:229.18,231.5 1 0
github.com/namth/go-notify/template/declarative.go:232.4,233.18 2 1
github.com/namth/go-notify/template/declarative.go:233.18,235.5 1 0
github.com/namth/go-notify/template/declarative.go:236.4,238.22 3 1
github.com/namth/go-notify/template/declarative.go:240.3,240.23 1 1
github.com/namth/go-notify/template/declarative.go:243.2,243.33 1 51
github.com/namth/go-notify/template/declarative.go:243.33,245.17 2 2
github.com/namth/go-notify/template/declarative.go:245.17,247.4 1 0
github.com/namth/go-notify/template/declarative.go:248.3,249.17 2 2
github.com/namth/go-notify/template/declarative.go:249.17,251.4 1 0
github.com/namth/go-notify/template/declarative.go:252.3,254.22 3 2
github.com/namth/go-notify/template/declarative.go:257.2,257.25 1 51
github.com/namth/go-notify/template/declarative.go:260.67,261.38 1 66
github.com/namth/go-notify/template/declarative.go:261.38,263.3 1 11
github.com/namth/go-notify/template/declarative.go:264.2,265.16 2 55
github.com/namth/go-notify/template/declarative.go:265.16,267.3 1 0
github.com/namth/go-notify/template/declarative.go:268.2,269.46 2 55
github.com/namth/go-notify/template/declarative.go:269.46,271.3 1 0
github.com/namth/go-notify/template/declarative.go:272.2,272.26 1 55
github.com/namth/go-notify/template/functional.go:15.80,17.2 1 4
github.com/namth/go-notify/template/functional.go:20.66,21.17 1 5
github.com/namth/go-notify/template/functional.go:21.17,23.3 1 1
github.com/namth/go-notify/template/functional.go:24.2,24.19 1 4
github.com/namth/go-notify/template/functional.go:28.66,29.64 1 3
github.com/namth/go-notify/template/functional.go:29.64,31.10 2 4
github.com/namth/go-notify/template/functional.go:31.10,33.4 1 1
github.com/namth/go-notify/template/functional.go:34.3,35.18 2 3
github.com/namth/go-notify/template/functional.go:35.18,37.4 1 1
github.com/namth/go-notify/template/functional.go:38.3,38.26 1 2
github.com/namth/go-notify/template/registry.go:25.30,29.2 1 2
github.com/namth/go-notify/template/registry.go:32.62,33.16 1 5
github.com/namth/go-notify/template/registry.go:33.16,35.3 1 1
github.com/namth/go-notify/template/registry.go:36.2,36.16 1 4
github.com/namth/go-notify/template/registry.go:36.16,38.3 1 1
github.com/namth/go-notify/template/registry.go:40.2,44.12 4 3
github.com/namth/go-notify/template/registry.go:48.54,54.2 4 53
github.com/namth/go-notify/template/registry.go:57.75,59.9 2 52
github.com/namth/go-notify/template/registry.go:59.9,61.3 1 1
github.com/namth/go-notify/template/registry.go:62.2,62.25 1 51
github.com/namth/go-notify/template/registry.go:69.48,71.2 1 1
github.com/namth/go-notify/template/registry.go:74.76,76.2 1 1
github.com/namth/go-notify/template/registry.go:79.40,81.2 1 1
github.com/namth/go-notify/template/registry.go:84.61,86.2 1 1
github.com/namth/go-notify/template/registry.go:89.34,91.2 1 1
github.com/namth/go-notify/testutil/mock_sender.go:29.34,38.2 1 1
github.com/namth/go-notify/testutil/mock_sender.go:41.44,43.2 1 1
github.com/namth/go-notify/testutil/mock_sender.go:46.63,49.2 2 1
github.com/namth/go-notify/testutil/mock_sender.go:52.70,56.30 4 1
github.com/namth/go-notify/testutil/mock_sender.go:56.30,58.3 1 0
github.com/namth/go-notify/testutil/mock_sender.go:58.8,60.3 1 1
github.com/namth/go-notify/testutil/mock_sender.go:61.2,61.10 1 1
github.com/namth/go-notify/testutil/mock_sender.go:65.58,70.2 4 1
github.com/namth/go-notify/testutil/mock_sender.go:73.94,77.19 3 5
github.com/namth/go-notify/testutil/mock_sender.go:77.19,78.10 1 0
github.com/namth/go-notify/testutil/mock_sender.go:79.21,80.25 1 0
github.com/namth/go-notify/testutil/mock_sender.go:81.32,81.32 0 0
github.com/namth/go-notify/testutil/mock_sender.go:85.2,94.18 4 5
github.com/namth/go-notify/testutil/mock_sender.go:94.18,96.3 1 1
github.com/namth/go-notify/testutil/mock_sender.go:98.2,98.17 1 4
github.com/namth/go-notify/testutil/mock_sender.go:102.89,107.2 4 1
github.com/namth/go-notify/testutil/mock_sender.go:110.112,112.16 2 1
github.com/namth/go-notify/testutil/mock_sender.go:112.16,114.3 1 0
github.com/namth/go-notify/testutil/mock_sender.go:115.2,115.25 1 1
github.com/namth/go-notify/testutil/mock_sender.go:119.38,123.2 3 2
github.com/namth/go-notify/testutil/mock_sender.go:126.51,132.2 5 5
github.com/namth/go-notify/testutil/mock_sender.go:135.52,138.26 3 8
github.com/namth/go-notify/testutil/mock_sender.go:138.26,140.3 1 3
github.com/namth/go-notify/testutil/mock_sender.go:141.2,141.38 1 5
github.com/namth/go-notify/testutil/mock_sender.go:145.47,147.17 2 4
github.com/namth/go-notify/testutil/mock_sender.go:147.17,149.3 1 1
github.com/namth/go-notify/testutil/mock_sender.go:150.2,150.52 1 3
github.com/namth/go-notify/testutil/mock_sender.go:150.52,152.3 1 3
github.com/namth/go-notify/testutil/mock_sender.go:153.2,153.12 1 0
github.com/namth/go-notify/testutil/mock_sender.go:157.40,159.17 2 3
github.com/namth/go-notify/testutil/mock_sender.go:159.17,161.3 1 1
github.com/namth/go-notify/testutil/mock_sender.go:162.2,162.51 1 2
github.com/namth/go-notify/testutil/mock_sender.go:162.51,164.3 1 1
github.com/namth/go-notify/testutil/mock_sender.go:165.2,165.39 1 1
github.com/namth/go-notify/testutil/mock_sender.go:165.39,167.3 1 1
github.com/namth/go-notify/testutil/mock_sender.go:168.2,168.11 1 0
github.com/namth/go-notify/testutil/mock_sender.go:172.30,180.2 7 1
github.com/namth/go-notify/testutil/recorder.go:15.46,17.2 1 1
github.com/namth/go-notify/testutil/recorder.go:20.48,21.40 1 1
github.com/namth/go-notify/testutil/recorder.go:21.40,22.52 1 2
github.com/namth/go-notify/testutil/recorder.go:22.52,23.35 1 1
github.com/namth/go-notify/testutil/recorder.go:23.35,25.5 1 1
github.com/namth/go-notify/testutil/recorder.go:28.2,28.14 1 0
github.com/namth/go-notify/testutil/recorder.go:32.58,33.40 1 1
github.com/namth/go-notify/testutil/recorder.go:33.40,34.52 1 2
github.com/namth/go-notify/testutil/recorder.go:34.52,35.37 1 1
github.com/namth/go-notify/testutil/recorder.go:35.37,37.5 1 1
github.com/namth/go-notify/testutil/recorder.go:40.2,40.14 1 0
github.com/namth/go-notify/testutil/recorder.go:44.53,45.40 1 3
github.com/namth/go-notify/testutil/recorder.go:45.40,46.26 1 7
github.com/namth/go-notify/testutil/recorder.go:47.29,48.43 1 3
github.com/namth/go-notify/testutil/recorder.go:48.43,50.5 1 1
github.com/namth/go-notify/testutil/recorder.go:51.29,52.91 1 3
github.com/namth/go-notify/testutil/recorder.go:52.91,54.5 1 0
github.com/namth/go-notify/testutil/recorder.go:55.4,55.40 1 3
github.com/namth/go-notify/testutil/recorder.go:55.40,56.83 1 2
github.com/namth/go-notify/testutil/recorder.go:56.83,58.6 1 0
github.com/namth/go-notify/testutil/recorder.go:59.5,59.34 1 2
github.com/namth/go-notify/testutil/recorder.go:59.34,60.78 1 2
github.com/namth/go-notify/testutil/recorder.go:60.78,62.7 1 1
github.com/namth/go-notify/testutil/recorder.go:67.2,67.14 1 1
